// Jest Snapshot v1, https://goo.gl/fbAQLP

exports[`renders homepage unchanged 1`] = `
<div>
  <main
    class="flex min-h-screen items-center justify-center"
  >
    <a
      href="/login"
    >
      <button
        class="rounded-md bg-indigo-600 py-2.5 px-3.5 text-sm font-semibold text-white shadow-sm hover:bg-indigo-500 focus-visible:outline focus-visible:outline-2 focus-visible:outline-offset-2 focus-visible:outline-indigo-600"
        data-testid="button-container"
      >
        login
      </button>
    </a>
    <div
      class="m-2"
    />
    <a
      href="/signup"
    >
      <button
        class="rounded-md bg-indigo-600 py-2.5 px-3.5 text-sm font-semibold text-white shadow-sm hover:bg-indigo-500 focus-visible:outline focus-visible:outline-2 focus-visible:outline-offset-2 focus-visible:outline-indigo-600"
        data-testid="button-container"
      >
        sign up
      </button>
    </a>
  </main>
</div>
`;
